Release 14.7 - xst P.20131013 (nt64)
Copyright (c) 1995-2013 Xilinx, Inc.  All rights reserved.
--> Parameter TMPDIR set to xst/projnav.tmp


Total REAL time to Xst completion: 0.00 secs
Total CPU time to Xst completion: 0.40 secs
 
--> Parameter xsthdpdir set to xst


Total REAL time to Xst completion: 0.00 secs
Total CPU time to Xst completion: 0.40 secs
 
--> Reading design: PC_1.prj

TABLE OF CONTENTS
  1) Synthesis Options Summary
  2) HDL Parsing
  3) HDL Elaboration
  4) HDL Synthesis
       4.1) HDL Synthesis Report
  5) Advanced HDL Synthesis
       5.1) Advanced HDL Synthesis Report
  6) Low Level Synthesis
  7) Partition Report
  8) Design Summary
       8.1) Primitive and Black Box Usage
       8.2) Device utilization summary
       8.3) Partition Resource Summary
       8.4) Timing Report
            8.4.1) Clock Information
            8.4.2) Asynchronous Control Signals Information
            8.4.3) Timing Summary
            8.4.4) Timing Details
            8.4.5) Cross Clock Domains Report


=========================================================================
*                      Synthesis Options Summary                        *
=========================================================================
---- Source Parameters
Input File Name                    : "PC_1.prj"
Ignore Synthesis Constraint File   : NO

---- Target Parameters
Output File Name                   : "PC_1"
Output Format                      : NGC
Target Device                      : xc6slx16-2-csg324

---- Source Options
Top Module Name                    : PC_1
Automatic FSM Extraction           : YES
FSM Encoding Algorithm             : Auto
Safe Implementation                : No
FSM Style                          : LUT
RAM Extraction                     : Yes
RAM Style                          : Auto
ROM Extraction                     : Yes
Shift Register Extraction          : YES
ROM Style                          : Auto
Resource Sharing                   : YES
Asynchronous To Synchronous        : NO
Shift Register Minimum Size        : 2
Use DSP Block                      : Auto
Automatic Register Balancing       : No

---- Target Options
LUT Combining                      : Auto
Reduce Control Sets                : Auto
Add IO Buffers                     : YES
Global Maximum Fanout              : 100000
Add Generic Clock Buffer(BUFG)     : 16
Register Duplication               : YES
Optimize Instantiated Primitives   : NO
Use Clock Enable                   : Auto
Use Synchronous Set                : Auto
Use Synchronous Reset              : Auto
Pack IO Registers into IOBs        : Auto
Equivalent register Removal        : YES

---- General Options
Optimization Goal                  : Speed
Optimization Effort                : 1
Power Reduction                    : NO
Keep Hierarchy                     : No
Netlist Hierarchy                  : As_Optimized
RTL Output                         : Yes
Global Optimization                : AllClockNets
Read Cores                         : YES
Write Timing Constraints           : NO
Cross Clock Analysis               : NO
Hierarchy Separator                : /
Bus Delimiter                      : <>
Case Specifier                     : Maintain
Slice Utilization Ratio            : 100
BRAM Utilization Ratio             : 100
DSP48 Utilization Ratio            : 100
Auto BRAM Packing                  : NO
Slice Utilization Ratio Delta      : 5

=========================================================================


=========================================================================
*                          HDL Parsing                                  *
=========================================================================
Analyzing Verilog file "C:\Xilinx\Tutorial\Program-Counter\PC_1.v" into library work
Parsing module <PC_1>.
Parsing module <seven_segment_led>.

=========================================================================
*                            HDL Elaboration                            *
=========================================================================

Elaborating module <PC_1>.

Elaborating module <seven_segment_led>.
WARNING:HDLCompiler:413 - "C:\Xilinx\Tutorial\Program-Counter\PC_1.v" Line 126: Result of 19-bit expression is truncated to fit in 18-bit target.
WARNING:HDLCompiler:413 - "C:\Xilinx\Tutorial\Program-Counter\PC_1.v" Line 82: Result of 17-bit expression is truncated to fit in 16-bit target.
WARNING:HDLCompiler:413 - "C:\Xilinx\Tutorial\Program-Counter\PC_1.v" Line 90: Result of 17-bit expression is truncated to fit in 16-bit target.

=========================================================================
*                           HDL Synthesis                               *
=========================================================================

Synthesizing Unit <PC_1>.
    Related source file is "C:\Xilinx\Tutorial\Program-Counter\PC_1.v".
    Found 8-bit register for signal <rightval>.
    Found 8-bit register for signal <leftval>.
    Found 1-bit register for signal <kont>.
    Found 1-bit register for signal <count_flag>.
    Found 16-bit register for signal <count>.
    Found 16-bit adder for signal <count[15]_GND_1_o_add_7_OUT> created at line 90.
    Summary:
	inferred   1 Adder/Subtractor(s).
	inferred  34 D-type flip-flop(s).
	inferred   1 Multiplexer(s).
Unit <PC_1> synthesized.

Synthesizing Unit <seven_segment_led>.
    Related source file is "C:\Xilinx\Tutorial\Program-Counter\PC_1.v".
    Found 18-bit register for signal <count>.
    Found 18-bit adder for signal <count[17]_GND_2_o_add_0_OUT> created at line 126.
    Found 4x4-bit Read Only RAM for signal <an_temp>
    Found 7-bit 4-to-1 multiplexer for signal <sseg> created at line 134.
    Summary:
	inferred   1 RAM(s).
	inferred   1 Adder/Subtractor(s).
	inferred  18 D-type flip-flop(s).
	inferred   2 Multiplexer(s).
Unit <seven_segment_led> synthesized.

=========================================================================
HDL Synthesis Report

Macro Statistics
# RAMs                                                 : 1
 4x4-bit single-port Read Only RAM                     : 1
# Adders/Subtractors                                   : 2
 16-bit adder                                          : 1
 18-bit adder                                          : 1
# Registers                                            : 6
 1-bit register                                        : 2
 16-bit register                                       : 1
 18-bit register                                       : 1
 8-bit register                                        : 2
# Multiplexers                                         : 3
 16-bit 2-to-1 multiplexer                             : 1
 7-bit 2-to-1 multiplexer                              : 1
 7-bit 4-to-1 multiplexer                              : 1

=========================================================================

=========================================================================
*                       Advanced HDL Synthesis                          *
=========================================================================


Synthesizing (advanced) Unit <PC_1>.
The following registers are absorbed into counter <count>: 1 register on signal <count>.
Unit <PC_1> synthesized (advanced).

Synthesizing (advanced) Unit <seven_segment_led>.
The following registers are absorbed into counter <count>: 1 register on signal <count>.
INFO:Xst:3218 - HDL ADVISOR - The RAM <Mram_an_temp> will be implemented on LUTs either because you have described an asynchronous read or because of currently unsupported block RAM features. If you have described an asynchronous read, making it synchronous would allow you to take advantage of available block RAM resources, for optimized device usage and improved timings. Please refer to your documentation for coding guidelines.
    -----------------------------------------------------------------------
    | ram_type           | Distributed                         |          |
    -----------------------------------------------------------------------
    | Port A                                                              |
    |     aspect ratio   | 4-word x 4-bit                      |          |
    |     weA            | connected to signal <GND>           | high     |
    |     addrA          | connected to signal <count>         |          |
    |     diA            | connected to signal <GND>           |          |
    |     doA            | connected to signal <an_temp>       |          |
    -----------------------------------------------------------------------
Unit <seven_segment_led> synthesized (advanced).

=========================================================================
Advanced HDL Synthesis Report

Macro Statistics
# RAMs                                                 : 1
 4x4-bit single-port distributed Read Only RAM         : 1
# Counters                                             : 2
 16-bit up counter                                     : 1
 18-bit up counter                                     : 1
# Registers                                            : 18
 Flip-Flops                                            : 18
# Multiplexers                                         : 2
 7-bit 2-to-1 multiplexer                              : 1
 7-bit 4-to-1 multiplexer                              : 1

=========================================================================

=========================================================================
*                         Low Level Synthesis                           *
=========================================================================

Optimizing unit <PC_1> ...

Optimizing unit <seven_segment_led> ...

Mapping all equations...
Building and optimizing final netlist ...
Found area constraint ratio of 100 (+ 5) on block PC_1, actual ratio is 0.
FlipFlop kont has been replicated 1 time(s)

Final Macro Processing ...

=========================================================================
Final Register Report

Macro Statistics
# Registers                                            : 53
 Flip-Flops                                            : 53

=========================================================================

=========================================================================
*                           Partition Report                            *
=========================================================================

Partition Implementation Status
-------------------------------

  No Partitions were found in this design.

-------------------------------

=========================================================================
*                            Design Summary                             *
=========================================================================

Top Level Output File Name         : PC_1.ngc

Primitive and Black Box Usage:
------------------------------
# BELS                             : 126
#      GND                         : 1
#      INV                         : 3
#      LUT1                        : 17
#      LUT2                        : 5
#      LUT3                        : 19
#      LUT4                        : 8
#      LUT6                        : 6
#      MUXCY                       : 32
#      VCC                         : 1
#      XORCY                       : 34
# FlipFlops/Latches                : 53
#      FD                          : 3
#      FDC                         : 18
#      FDE                         : 16
#      FDRE                        : 16
# Clock Buffers                    : 1
#      BUFGP                       : 1
# IO Buffers                       : 25
#      IBUF                        : 13
#      OBUF                        : 12

Device utilization summary:
---------------------------

Selected Device : 6slx16csg324-2 


Slice Logic Utilization: 
 Number of Slice Registers:              53  out of  18224     0%  
 Number of Slice LUTs:                   58  out of   9112     0%  
    Number used as Logic:                58  out of   9112     0%  

Slice Logic Distribution: 
 Number of LUT Flip Flop pairs used:     66
   Number with an unused Flip Flop:      13  out of     66    19%  
   Number with an unused LUT:             8  out of     66    12%  
   Number of fully used LUT-FF pairs:    45  out of     66    68%  
   Number of unique control sets:         5

IO Utilization: 
 Number of IOs:                          26
 Number of bonded IOBs:                  26  out of    232    11%  

Specific Feature Utilization:
 Number of BUFG/BUFGCTRLs:                1  out of     16     6%  

---------------------------
Partition Resource Summary:
---------------------------

  No Partitions were found in this design.

---------------------------


=========================================================================
Timing Report

NOTE: THESE TIMING NUMBERS ARE ONLY A SYNTHESIS ESTIMATE.
      FOR ACCURATE TIMING INFORMATION PLEASE REFER TO THE TRACE REPORT
      GENERATED AFTER PLACE-and-ROUTE.

Clock Information:
------------------
-----------------------------------+------------------------+-------+
Clock Signal                       | Clock buffer(FF name)  | Load  |
-----------------------------------+------------------------+-------+
clock                              | BUFGP                  | 53    |
-----------------------------------+------------------------+-------+

Asynchronous Control Signals Information:
----------------------------------------
No asynchronous control signals found in this design

Timing Summary:
---------------
Speed Grade: -2

   Minimum period: 3.350ns (Maximum Frequency: 298.530MHz)
   Minimum input arrival time before clock: 4.602ns
   Maximum output required time after clock: 7.243ns
   Maximum combinational path delay: No path found

Timing Details:
---------------
All values displayed in nanoseconds (ns)

=========================================================================
Timing constraint: Default period analysis for Clock 'clock'
  Clock period: 3.350ns (frequency: 298.530MHz)
  Total number of paths / destination ports: 631 / 53
-------------------------------------------------------------------------
Delay:               3.350ns (Levels of Logic = 17)
  Source:            kont (FF)
  Destination:       count_15 (FF)
  Source Clock:      clock rising
  Destination Clock: clock rising

  Data Path: kont to count_15
                                Gate     Net
    Cell:in->out      fanout   Delay   Delay  Logical Name (Net Name)
    ----------------------------------------  ------------
     FD:C->Q              19   0.525   1.260  kont (kont)
     INV:I->O              1   0.255   0.681  kont_inv1_INV_0 (kont_inv)
     MUXCY:CI->O           1   0.023   0.000  Mcount_count_cy<0> (Mcount_count_cy<0>)
     MUXCY:CI->O           1   0.023   0.000  Mcount_count_cy<1> (Mcount_count_cy<1>)
     MUXCY:CI->O           1   0.023   0.000  Mcount_count_cy<2> (Mcount_count_cy<2>)
     MUXCY:CI->O           1   0.023   0.000  Mcount_count_cy<3> (Mcount_count_cy<3>)
     MUXCY:CI->O           1   0.023   0.000  Mcount_count_cy<4> (Mcount_count_cy<4>)
     MUXCY:CI->O           1   0.023   0.000  Mcount_count_cy<5> (Mcount_count_cy<5>)
     MUXCY:CI->O           1   0.023   0.000  Mcount_count_cy<6> (Mcount_count_cy<6>)
     MUXCY:CI->O           1   0.023   0.000  Mcount_count_cy<7> (Mcount_count_cy<7>)
     MUXCY:CI->O           1   0.023   0.000  Mcount_count_cy<8> (Mcount_count_cy<8>)
     MUXCY:CI->O           1   0.023   0.000  Mcount_count_cy<9> (Mcount_count_cy<9>)
     MUXCY:CI->O           1   0.023   0.000  Mcount_count_cy<10> (Mcount_count_cy<10>)
     MUXCY:CI->O           1   0.023   0.000  Mcount_count_cy<11> (Mcount_count_cy<11>)
     MUXCY:CI->O           1   0.023   0.000  Mcount_count_cy<12> (Mcount_count_cy<12>)
     MUXCY:CI->O           1   0.023   0.000  Mcount_count_cy<13> (Mcount_count_cy<13>)
     MUXCY:CI->O           0   0.023   0.000  Mcount_count_cy<14> (Mcount_count_cy<14>)
     XORCY:CI->O           1   0.206   0.000  Mcount_count_xor<15> (Mcount_count15)
     FDRE:D                    0.074          count_15
    ----------------------------------------
    Total                      3.350ns (1.409ns logic, 1.941ns route)
                                       (42.1% logic, 57.9% route)

=========================================================================
Timing constraint: Default OFFSET IN BEFORE for Clock 'clock'
  Total number of paths / destination ports: 168 / 85
-------------------------------------------------------------------------
Offset:              4.602ns (Levels of Logic = 2)
  Source:            btns (PAD)
  Destination:       count_0 (FF)
  Destination Clock: clock rising

  Data Path: btns to count_0
                                Gate     Net
    Cell:in->out      fanout   Delay   Delay  Logical Name (Net Name)
    ----------------------------------------  ------------
     IBUF:I->O            24   1.328   1.379  btns_IBUF (btns_IBUF)
     INV:I->O             16   0.255   1.181  btns_inv1_INV_0 (btns_inv)
     FDRE:R                    0.459          count_0
    ----------------------------------------
    Total                      4.602ns (2.042ns logic, 2.560ns route)
                                       (44.4% logic, 55.6% route)

=========================================================================
Timing constraint: Default OFFSET OUT AFTER for Clock 'clock'
  Total number of paths / destination ports: 176 / 11
-------------------------------------------------------------------------
Offset:              7.243ns (Levels of Logic = 3)
  Source:            ss/count_16 (FF)
  Destination:       a (PAD)
  Source Clock:      clock rising

  Data Path: ss/count_16 to a
                                Gate     Net
    Cell:in->out      fanout   Delay   Delay  Logical Name (Net Name)
    ----------------------------------------  ------------
     FDC:C->Q              9   0.525   1.431  ss/count_16 (ss/count_16)
     LUT6:I0->O            7   0.254   1.186  ss/Mmux_sseg41 (ss/sseg<3>)
     LUT4:I0->O            1   0.254   0.681  ss/_n0076<2>1 (ff_OBUF)
     OBUF:I->O                 2.912          ff_OBUF (ff)
    ----------------------------------------
    Total                      7.243ns (3.945ns logic, 3.298ns route)
                                       (54.5% logic, 45.5% route)

=========================================================================

Cross Clock Domains Report:
--------------------------

Clock to Setup on destination clock clock
---------------+---------+---------+---------+---------+
               | Src:Rise| Src:Fall| Src:Rise| Src:Fall|
Source Clock   |Dest:Rise|Dest:Rise|Dest:Fall|Dest:Fall|
---------------+---------+---------+---------+---------+
clock          |    3.350|         |         |         |
---------------+---------+---------+---------+---------+

=========================================================================


Total REAL time to Xst completion: 21.00 secs
Total CPU time to Xst completion: 21.20 secs
 
--> 

Total memory usage is 259232 kilobytes

Number of errors   :    0 (   0 filtered)
Number of warnings :    3 (   0 filtered)
Number of infos    :    1 (   0 filtered)

