--------------------------------------------------------------------------------
Release 14.7 Trace  (nt64)
Copyright (c) 1995-2013 Xilinx, Inc.  All rights reserved.

C:\Xilinx\14.7\ISE_DS\ISE\bin\nt64\unwrapped\trce.exe -intstyle ise -v 3 -s 2
-n 3 -fastpaths -xml mikrop.twx mikrop.ncd -o mikrop.twr mikrop.pcf -ucf
mikrop.ucf

Design file:              mikrop.ncd
Physical constraint file: mikrop.pcf
Device,package,speed:     xc6slx16,csg324,C,-2 (PRODUCTION 1.23 2013-10-13)
Report level:             verbose report

Environment Variable      Effect 
--------------------      ------ 
NONE                      No environment variables were set
--------------------------------------------------------------------------------

INFO:Timing:2698 - No timing constraints found, doing default enumeration.
INFO:Timing:3412 - To improve timing, see the Timing Closure User Guide (UG612).
INFO:Timing:2752 - To get complete path coverage, use the unconstrained paths 
   option. All paths that are not constrained will be reported in the 
   unconstrained paths section(s) of the report.
INFO:Timing:3339 - The clock-to-out numbers in this timing report are based on 
   a 50 Ohm transmission line loading model.  For the details of this model, 
   and for more information on accounting for different loading conditions, 
   please see the device datasheet.



Data Sheet report:
-----------------
All values displayed in nanoseconds (ns)

Setup/Hold to clock board_clk
------------+------------+------------+------------+------------+------------------+--------+
            |Max Setup to|  Process   |Max Hold to |  Process   |                  | Clock  |
Source      | clk (edge) |   Corner   | clk (edge) |   Corner   |Internal Clock(s) | Phase  |
------------+------------+------------+------------+------------+------------------+--------+
SW2         |    1.626(R)|      SLOW  |   -0.377(R)|      FAST  |board_clk_BUFGP   |   0.000|
------------+------------+------------+------------+------------+------------------+--------+

Clock board_clk to Pad
------------+-----------------+------------+-----------------+------------+------------------+--------+
            |Max (slowest) clk|  Process   |Min (fastest) clk|  Process   |                  | Clock  |
Destination |  (edge) to PAD  |   Corner   |  (edge) to PAD  |   Corner   |Internal Clock(s) | Phase  |
------------+-----------------+------------+-----------------+------------+------------------+--------+
a           |        11.936(R)|      SLOW  |         5.115(R)|      FAST  |board_clk_BUFGP   |   0.000|
an<0>       |        10.872(R)|      SLOW  |         4.855(R)|      FAST  |board_clk_BUFGP   |   0.000|
an<1>       |        10.644(R)|      SLOW  |         4.710(R)|      FAST  |board_clk_BUFGP   |   0.000|
an<2>       |        10.854(R)|      SLOW  |         4.811(R)|      FAST  |board_clk_BUFGP   |   0.000|
an<3>       |        10.799(R)|      SLOW  |         4.787(R)|      FAST  |board_clk_BUFGP   |   0.000|
b           |        12.161(R)|      SLOW  |         5.256(R)|      FAST  |board_clk_BUFGP   |   0.000|
c           |        12.309(R)|      SLOW  |         5.378(R)|      FAST  |board_clk_BUFGP   |   0.000|
d           |        12.222(R)|      SLOW  |         5.327(R)|      FAST  |board_clk_BUFGP   |   0.000|
e           |        12.468(R)|      SLOW  |         5.450(R)|      FAST  |board_clk_BUFGP   |   0.000|
ff          |        12.594(R)|      SLOW  |         5.527(R)|      FAST  |board_clk_BUFGP   |   0.000|
g           |        12.221(R)|      SLOW  |         5.243(R)|      FAST  |board_clk_BUFGP   |   0.000|
------------+-----------------+------------+-----------------+------------+------------------+--------+

Clock to Setup on destination clock board_clk
---------------+---------+---------+---------+---------+
               | Src:Rise| Src:Fall| Src:Rise| Src:Fall|
Source Clock   |Dest:Rise|Dest:Rise|Dest:Fall|Dest:Fall|
---------------+---------+---------+---------+---------+
board_clk      |    3.302|         |         |         |
---------------+---------+---------+---------+---------+


Analysis completed Tue May 02 15:55:50 2017 
--------------------------------------------------------------------------------

Trace Settings:
-------------------------
Trace Settings 

Peak Memory Usage: 262 MB



